[1/4] Fetching benchmark data...

[2/4] Fetching universe (source=sec_edgar, exchanges=nasdaq, nyse)...
  fetching SEC EDGAR universe (UA: stock-screening tim@timli.net)...
  base universe (sec_edgar): 7673
  Finviz filter: f=sh_price_o5,sh_avgvol_o200,ta_sma50_pa
  Finviz returned 403 on page 1; stopping
  Finviz candidates: 0
  too few Finviz candidates; using full base universe
  universe size: 7673

[3/4] Liquidity pass (price >= $5.00, ADV >= $50,000,000)...
  liquidity batch 1/20: 400 tickers
  liquidity batch 2/20: 400 tickers
  liquidity batch 3/20: 400 tickers
  liquidity batch 4/20: 400 tickers
  liquidity batch 5/20: 400 tickers
  liquidity batch 6/20: 400 tickers
  liquidity batch 7/20: 400 tickers

1 Failed download:
['FBYDP']: YFPricesMissingError('possibly delisted; no price data found  (period=2mo)')
  liquidity batch 8/20: 400 tickers
  liquidity batch 9/20: 400 tickers
  liquidity batch 10/20: 400 tickers
/opt/hostedtoolcache/Python/3.12.14/x64/lib/python3.12/site-packages/yfinance/scrapers/quote.py:700: Pandas4Warning: Timestamp.utcnow is deprecated and will be removed in a future version. Use Timestamp.now('UTC') instead.
  start = pd.Timestamp.utcnow().floor("D") - datetime.timedelta(days=365 // 2)
/opt/hostedtoolcache/Python/3.12.14/x64/lib/python3.12/site-packages/yfinance/scrapers/quote.py:702: Pandas4Warning: Timestamp.utcnow is deprecated and will be removed in a future version. Use Timestamp.now('UTC') instead.
  end = pd.Timestamp.utcnow().ceil("D")

1 Failed download:
['IPXGU']: YFPricesMissingError('possibly delisted; no price data found  (period=2mo) (Yahoo error = "No data found, symbol may be delisted")')
  liquidity batch 11/20: 400 tickers
  liquidity batch 12/20: 400 tickers
HTTP Error 404: {"quoteSummary":{"result":null,"error":{"code":"Not Found","description":"Quote not found for symbol: NE-WTA"}}}
/opt/hostedtoolcache/Python/3.12.14/x64/lib/python3.12/site-packages/yfinance/scrapers/quote.py:700: Pandas4Warning: Timestamp.utcnow is deprecated and will be removed in a future version. Use Timestamp.now('UTC') instead.
  start = pd.Timestamp.utcnow().floor("D") - datetime.timedelta(days=365 // 2)
/opt/hostedtoolcache/Python/3.12.14/x64/lib/python3.12/site-packages/yfinance/scrapers/quote.py:702: Pandas4Warning: Timestamp.utcnow is deprecated and will be removed in a future version. Use Timestamp.now('UTC') instead.
  end = pd.Timestamp.utcnow().ceil("D")

1 Failed download:
['NE-WTA']: YFPricesMissingError('possibly delisted; no price data found  (period=2mo) (Yahoo error = "No data found, symbol may be delisted")')
  liquidity batch 13/20: 400 tickers
  liquidity batch 14/20: 400 tickers
  liquidity batch 15/20: 400 tickers
  liquidity batch 16/20: 400 tickers
  liquidity batch 17/20: 400 tickers

2 Failed downloads:
['SVA']: YFPricesMissingError('possibly delisted; no price data found  (period=2mo) (Yahoo error = "No data found, symbol may be delisted")')
['THRMV']: YFPricesMissingError('possibly delisted; no price data found  (period=2mo)')
  liquidity batch 18/20: 400 tickers

1 Failed download:
['UCFIW']: YFPricesMissingError('possibly delisted; no price data found  (period=2mo)')
  liquidity batch 19/20: 400 tickers
  liquidity batch 20/20: 73 tickers
  liquid survivors: 1494

[4/4] Full SEPA scan on 1494 survivors (Qullamaggie=True)...
  scan batch 1/4: 400 tickers
  scan batch 2/4: 400 tickers
  scan batch 3/4: 400 tickers
  scan batch 4/4: 294 tickers
  overlaying vendored Andy-Roger QM breakout / EP scan
  QM diagnostics: requested=1494, vendor_universe=1328, histories=1328, metrics=1311, breakout_picks=0, ep_gap_candidates=4, ep_history_ready=4, ep_snapshot_missing=0, ep_picks=0
  sector bonus applied to local shortlist summary

=== MARKET ENVIRONMENT ===
SPY: price=767.25  50MA=761.29  200MA=716.13  above200=True  above50=True  1y=+16.4%
QQQ: price=743.61  50MA=714.39  200MA=665.89  above200=True  above50=True  1y=+24.4%
IWM: price=279.08  50MA=292.52  200MA=274.83  above200=True  above50=False  1y=+16.5%
Regime: risk_on (score=6/7, min_setup=6, min_entry=4, min_leadership=6)

=== TREND-TEMPLATE PASS RATE: 189/1460 ===
=== REGIME-ELIGIBLE SETUPS: 50/1460 ===
Eligible setup mix: {'sepa_vcp': 19, 'power_play': 48, 'qm_breakout': 0, 'qm_episodic_pivot': 0}

=== BREAKOUT SHORTLIST (risk_on, setup_score>=6): 50 ===

ticker primary_setup  also_fits  qualified_count  best_family_excess  best_family_pct   price  pct_from_hi  pct_to_pivot  base_length  base_depth_pct  base_tightness_pct  tightness_score  support_score  leadership_score  entry_score  setup_score  sector_bonus  sepa_vcp_score  power_play_score  qm_breakout_score  qm_episodic_pivot_score  qm_breakout_vendor_score  qm_episodic_pivot_vendor_score  breakout_ready  quiet_pullback_weeks  distribution_days  avg_close_in_range  up_down_vol_ratio  vol_ratio  rs_vs_spy  rs_pct_rank
   RAL      sepa_vcp power_play                2                   2             1.00   69.86        -5.04         -1.82        25.00           15.41                7.36                2              3                 7            6            8          0.82               8                 7                  0                        0                      0.00                            0.00            True                     1                  1                0.62               3.12       0.16      43.95        85.27
  DELL    power_play   sepa_vcp                2                   2             1.00  543.70        -7.60         -8.70        25.00           29.15               11.97                2              2                10            5            8          0.82               6                 8                  0                        0                      0.00                            0.00           False                     2                  2                0.33               1.83       0.29     271.98        98.28
  ADPT    power_play   sepa_vcp                2                   1             0.88   29.34        -0.78         -2.07        25.00           21.46               11.00                0              2                11            6            7          0.82               6                 7                  0                        0                      0.00                            0.00            True                     3                  2                0.58               2.82       0.25      79.71        91.05
  FTNT      sepa_vcp power_play                2                   1             0.88  179.84         0.00         -0.84        35.00           18.26                8.50                2              3                10            6            7          0.82               7                 7                  0                        0                      0.00                            0.00            True                     1                  2                0.68               1.40       0.28      97.48        93.05
    GH      sepa_vcp power_play                2                   1             0.88  179.56        -1.93         -2.15        25.00           16.08                7.25                2              2                 9            6            7          0.82               7                 7                  0                        0                      0.00                            0.00            True                     3                  1                0.54               1.27       0.41     170.97        96.49
  MRVL      sepa_vcp power_play                2                   1             0.88  262.42       -17.05         -1.89        25.00           25.00               12.01                2              3                 9            6            7          0.00               7                 6                  0                        0                      0.00                            0.00            True                     0                  2                0.60               2.99       0.39     196.40        97.18
   WCC    power_play   sepa_vcp                2                   1             0.88  364.89        -2.32         -1.75        25.00           11.86                9.79                2              2                 7            6            7         -0.16               6                 7                  0                        0                      0.00                            0.00            True                     3                  3                0.60               1.24       0.25      57.23        87.68
  NDSN    power_play   sepa_vcp                2                   1             0.88  329.08        -1.38         -2.67        65.00           17.32                7.23                2              2                 6            6            7         -0.16               6                 7                  0                        0                      0.00                            0.00            True                     2                  2                0.63               0.69       0.40      30.39        80.66
   AMD    power_play                           1                   1             0.88  607.60        -3.65         -4.91        25.00           31.06               18.33                2              3                11            5            7          0.82               4                 7                  0                        0                      0.00                            0.00           False                     2                  2                0.63               2.30       0.44     259.14        98.07
  ASML    power_play   sepa_vcp                2                   1             0.88 1815.76        -8.61         -4.25        35.00           17.06               12.54                2              2                 7            5            7          0.82               6                 7                  0                        0                      0.00                            0.00           False                     2                  4                0.73               1.54       0.63      72.38        90.09
   TSM    power_play                           1                   1             0.88  458.18        -3.80         -4.09        65.00           22.19                8.40                2              3                 7            5            7          0.82               5                 7                  0                        0                      0.00                            0.00           False                     1                  2                0.75               4.17       0.58      49.37        86.72
   XOM    power_play                           1                   1             0.88  163.82        -3.25         -3.43        55.00           16.81                5.53                2              2                 6            5            7          0.00               5                 7                  0                        0                      0.00                            0.00           False                     2                  4                0.62               1.40       0.35      33.09        81.62
   CBZ    power_play   sepa_vcp                2                   1             0.88   54.74        -3.63         -1.47        55.00           28.80                0.32                3              2                 6            5            7         -0.16               6                 7                  0                        0                      0.00                            0.00            True                     2                  0                0.30               1.23       0.41     -13.05        44.18
   ASX    power_play                           1                   1             0.88   44.88        -0.96         -1.91        25.00           20.79               15.26                2              2                11            4            7          0.82               5                 7                  0                        0                      0.00                            0.00            True                     1                  4                0.76               1.98       0.42     292.30        98.62
  CHEF    power_play                           1                   1             0.88  114.33        -1.03         -2.82        45.00           14.86                5.98                2              0                 9            4            7          0.07               5                 7                  0                        0                      0.00                            0.00            True                     2                  4                0.47               0.80       0.70      79.59        90.98
  CAKE    power_play                           1                   1             0.88  105.37       -10.16        -11.05        55.00           32.99               12.40                2              1                 8            4            7         -0.38               4                 7                  0                        0                      0.00                            0.00           False                     3                  4                0.61               1.18       0.26      79.95        91.12
  ATRC    power_play                           1                   1             0.88   56.85        -6.45         -7.86        25.00           24.46                8.99                0              1                 7            4            7          0.00               4                 7                  0                        0                      0.00                            0.00           False                     2                  2                0.48               0.84       0.19      44.86        85.68
  CRWD    power_play                           1                   0             0.75  265.80         0.00         -1.17        25.00           32.61               14.33                1              3                12            6            6          0.82               5                 6                  0                        0                      0.00                            0.00            True                     2                  1                0.61               2.62       0.38     100.40        93.60
  KEYS      sepa_vcp power_play                2                   0             0.75  365.61        -2.07         -0.35        35.00           16.36               10.64                2              3                 7            6            6          0.82               6                 6                  0                        0                      0.00                            0.00            True                     0                  2                0.69               2.38       0.29      92.60        92.50
  NTAP      sepa_vcp power_play                2                   0             0.75  210.42         0.00         -2.95        25.00           25.74               12.32                0              3                11            5            6          0.82               6                 6                  0                        0                      0.00                            0.00            True                     1                  2                0.64               1.73       0.61      64.32        89.06
   PBF    power_play                           1                   0             0.75   79.66         0.00         -3.57        25.00           22.59               14.42                0              2                11            5            6          0.00               5                 6                  0                        0                      0.00                            0.00           False                     2                  2                0.55               1.67       0.38     154.49        96.28
  COHU    power_play                           1                   0             0.75   67.57        -8.58         -1.34        25.00           36.82               22.89                1              3                10            5            6          0.00               5                 6                  0                        0                      0.00                            0.00            True                     1                  1                0.74               2.78       0.41     215.95        97.66
   AVT    power_play                           1                   0             0.75  100.99        -2.03         -3.43        25.00           17.45               11.79                2              2                 9            5            6          0.82               5                 6                  0                        0                      0.00                            0.00           False                     2                  0                0.55               1.92       0.44      80.77        91.33
   ARW      sepa_vcp power_play                2                   0             0.75  228.07        -2.88         -2.51        65.00           18.84                8.84                2              1                 8            5            6          0.82               6                 6                  0                        0                      0.00                            0.00            True                     2                  2                0.57               0.81       0.49      72.07        89.95
  ZBRA      sepa_vcp                           1                   0             0.75  375.96        -1.85         -2.66        35.00           12.90               10.59                2              1                 8            5            6          0.00               6                 5                  0                        0                      0.00                            0.00            True                     2                  4                0.63               1.15       0.25      10.10        68.41
  ACVA      sepa_vcp power_play                2                   0             0.75   10.44        -0.38         -0.57        25.00           37.14                0.86                2              2                 7            5            6          0.00               6                 6                  0                        0                      0.00                            0.00            True                     3                  2                0.60               0.63       0.55     -11.07        46.87
   LXP    power_play                           1                   0             0.75   60.94        -0.35         -1.10        65.00           12.76                0.43                3              1                 7            5            6         -0.11               5                 6                  0                        0                      0.00                            0.00            True                     2                  0                0.50               1.15       0.58      25.43        78.11
   MSM      sepa_vcp power_play                2                   0             0.75  124.34        -2.31         -1.10        35.00            7.95                4.69                2              1                 7            5            6         -0.16               6                 6                  0                        0                      0.00                            0.00            True                     3                  4                0.56               1.32       0.28      23.63        76.88
  GILD    power_play                           1                   0             0.75  150.24        -1.84         -2.57        55.00           17.71                4.87                2              1                 6            5            6          0.82               5                 6                  0                        0                      0.00                            0.00            True                     3                  5                0.59               1.27       0.27      22.28        76.32
    DT      sepa_vcp                           1                   0             0.75   58.01        -1.14         -2.36        25.00           17.52                8.02                2              2                 6            5            6          0.00               6                 5                  0                        0                      0.00                            0.00            True                     2                  2                0.59               1.95       0.33       3.32        62.42
  RBRK      sepa_vcp power_play                2                   0             0.75  115.93         0.00         -0.70        25.00           26.53               13.26                1              2                10            4            6          0.82               6                 6                  0                        0                      0.00                            0.00            True                     1                  6                0.68               1.50       0.33      24.53        77.77
   VLO    power_play                           1                   0             0.75  395.70        -4.25         -5.57        25.00           20.06               13.67                1              2                10            4            6          0.62               5                 6                  0                        0                      0.00                            0.00           False                     0                  2                0.54               1.96       0.25     120.92        95.04
  BWET    power_play                           1                   0             0.75  785.23        -9.97           NaN          NaN             NaN                 NaN                0              3                10            4            6          0.00               4                 6                  0                        0                      0.00                            0.00           False                     1                  1                0.62               1.49       0.31    5208.98       100.00
   CRL    power_play                           1                   0             0.75  297.66        -0.31         -1.86        25.00           11.88                8.26                1              0                10            4            6          0.00               5                 6                  0                        0                      0.00                            0.00            True                     3                  5                0.59               1.04       0.32      73.83        90.50
  DDOG    power_play                           1                   0             0.75  275.74        -4.31         -1.77        25.00           27.60               19.54                0              2                 9            4            6          0.00               5                 6                  0                        0                      0.00                            0.00            True                     0                  3                0.65               2.41       0.36      77.22        90.78
  HALO    power_play                           1                   0             0.75  111.42        -3.30         -4.65        35.00           16.02                9.00                2              1                 8            4            6          0.82               4                 6                  0                        0                      0.00                            0.00           False                     3                  5                0.50               1.37       0.41      35.51        82.52
  EXEL    power_play                           1                   0             0.75   59.69         0.00         -2.37        35.00           18.27                8.18                1              1                 8            4            6          0.82               5                 6                  0                        0                      0.00                            0.00            True                     2                  4                0.55               1.61       0.76      28.11        79.49
  QLYS    power_play                           1                   0             0.75  188.31        -3.86         -1.40        25.00           21.92               11.79                1              0                 8            4            6          0.82               5                 6                  0                        0                      0.00                            0.00            True                     2                  6                0.54               0.96       0.43      25.89        78.66
  VCTR    power_play                           1                   0             0.75  110.53        -8.35        -10.14        65.00           33.48                8.61                2              1                 8            4            6          0.20               4                 6                  0                        0                      0.00                            0.00           False                     2                  5                0.66               1.11       0.33      58.59        88.02
   HAE    power_play                           1                   0             0.75  104.62        -3.84         -5.27        35.00           22.01                6.56                2              1                 8            4            6          0.00               4                 6                  0                        0                      0.00                            0.00           False                     5                  2                0.30               0.72       0.32      98.25        93.19
  AEHR    power_play                           1                   0             0.75  100.18       -31.20         -7.58        25.00           31.52               22.05                1              2                 7            4            6          0.82               3                 6                  0                        0                      0.00                            0.00           False                     3                  3                0.67               1.45       0.31     216.30        97.80
  ANET    power_play                           1                   0             0.75  204.18        -3.00         -3.69        25.00           14.50                9.32                2              1                 7            4            6          0.82               5                 6                  0                        0                      0.00                            0.00           False                     2                  2                0.46               0.62       0.43      23.71        77.01
   AMG    power_play                           1                   0             0.75  366.89        -4.31         -3.21        25.00           10.34                8.83                2              1                 7            4            6          0.20               4                 6                  0                        0                      0.00                            0.00           False                     2                  7                0.62               1.09       0.30      37.48        83.14
  NVDA      sepa_vcp power_play                2                   0             0.75  230.53        -1.99         -1.69        45.00           19.06                6.97                2              1                 6            4            6          0.82               6                 6                  0                        0                      0.00                            0.00            True                     1                  2                0.56               0.72       0.52       7.44        66.07
  BIIB    power_play                           1                   0             0.75  228.02        -0.29         -1.07        55.00           19.29                6.97                2              2                 6            4            6          0.82               5                 6                  0                        0                      0.00                            0.00            True                     1                  4                0.62               1.39       0.65      46.36        86.03
   MRX    power_play                           1                   0             0.75   69.62       -11.05        -12.00        25.00           15.26               10.29                2              2                 6            4            6          0.20               3                 6                  0                        0                      0.00                            0.00           False                     3                  1                0.54               1.33       0.29      93.53        92.57
  AMGN    power_play                           1                   0             0.75  423.17        -4.72         -5.08        25.00           16.01               11.94                2              2                 6            4            6          0.00               5                 6                  0                        0                      0.00                            0.00           False                     1                  2                0.68               1.00       0.28      37.70        83.28
   AME    power_play                           1                   0             0.75  249.79        -3.24         -4.21        65.00           13.27                8.94                2              1                 6            4            6         -0.16               4                 6                  0                        0                      0.00                            0.00           False                     2                  3                0.60               2.43       0.41      17.27        72.95
   TTC    power_play                           1                   0             0.75   96.93        -3.92         -3.84        45.00           10.48                7.40                2              1                 6            4            6         -0.16               4                 6                  0                        0                      0.00                            0.00           False                     2                  3                0.60               1.60       0.22      13.18        70.41
  SCCO    power_play                           1                   0             0.75  203.01        -7.60         -8.05        45.00           23.78                8.90                2              1                 6            4            6         -0.40               4                 6                  0                        0                      0.00                            0.00           False                     3                  4                0.69               0.72       0.57      61.18        88.37

=== QULLAMAGGIE BREAKOUT CANDIDATES: 0 ===
Empty DataFrame
Columns: [ticker, price, ret_6m, qm_breakout_vendor_score, qm_breakout_score, qm_breakout_entry_price, qm_breakout_stop_price, qm_breakout_stop_loss_pct, entry_score, pct_from_hi, pct_to_pivot]
Index: []

=== QULLAMAGGIE EPISODIC PIVOT CANDIDATES: 0 ===
Empty DataFrame
Columns: [ticker, price, ret_6m, recent_expansion, post_expansion_tight, qm_episodic_pivot_vendor_score, qm_episodic_pivot_score, qm_episodic_pivot_entry_price, qm_episodic_pivot_stop_price, qm_episodic_pivot_stop_loss_pct, entry_score, pct_from_hi]
Index: []

=== Done in 13.8 min · results at public/results/latest/results_universe_20260930.csv ===
